// Jest Snapshot v1, https://goo.gl/fbAQLP

exports[`Footer renders correctly 1`] = `
<div
  className="Footer__Container-azllqf-0 bdbYdq"
>
  by
  <a
    href="https://tsmarques.com"
  >
     TSMarques
  </a>
</div>
`;
